// Vitest Snapshot v1, https://vitest.dev/guide/snapshot.html

exports[`PropertyRow — snapshot > matches snapshot — active=375 typical row 1`] = `
<div>
  <div
    class="flex items-center gap-2 py-1 text-[length:var(--text-xs-font-size)]"
    data-property="padding-left"
    data-testid="property-row-padding-left"
  >
    <div
      class="w-32 shrink-0 truncate font-mono text-[hsl(var(--text-muted))]"
      title="padding-left"
    >
      padding-left
    </div>
    <div
      class="flex grow items-center gap-1"
    >
      <div
        class="flex min-w-[5rem] items-center gap-1 rounded border border-[hsl(var(--text-link))] bg-[hsl(var(--bg-surface-alt))] px-2 py-1 text-[hsl(var(--text-primary))]"
        data-active="true"
        data-cell-bp="375"
        data-editable="false"
        data-empty="false"
      >
        <span
          aria-label="Breakpoint 375"
          class="font-[number:var(--font-weight-medium)] text-[hsl(var(--text-muted))]"
        >
          M
        </span>
        <span
          class="font-mono"
          data-testid="property-row-padding-left-cell-375"
        >
          8px
        </span>
      </div>
      <div
        class="flex min-w-[5rem] items-center gap-1 rounded border border-[hsl(var(--border-default))] px-2 py-1 text-[hsl(var(--text-muted))]"
        data-active="false"
        data-cell-bp="768"
        data-editable="false"
        data-empty="true"
      >
        <span
          aria-label="Breakpoint 768"
          class="font-[number:var(--font-weight-medium)] text-[hsl(var(--text-muted))]"
        >
          T
        </span>
        <span
          class="font-mono"
          data-testid="property-row-padding-left-cell-768"
        >
          —
        </span>
        <button
          aria-label="Switch to 768px breakpoint"
          class="ml-auto text-[hsl(var(--text-muted))] hover:text-[hsl(var(--text-primary))]"
          data-testid="property-row-padding-left-switch-768"
          title="Switch preview to 768px"
          type="button"
        >
          ↗
        </button>
      </div>
      <div
        class="flex min-w-[5rem] items-center gap-1 rounded border border-[hsl(var(--border-default))] px-2 py-1 text-[hsl(var(--text-muted))]"
        data-active="false"
        data-cell-bp="1440"
        data-editable="false"
        data-empty="true"
      >
        <span
          aria-label="Breakpoint 1440"
          class="font-[number:var(--font-weight-medium)] text-[hsl(var(--text-muted))]"
        >
          D
        </span>
        <span
          class="font-mono"
          data-testid="property-row-padding-left-cell-1440"
        >
          —
        </span>
        <button
          aria-label="Switch to 1440px breakpoint"
          class="ml-auto text-[hsl(var(--text-muted))] hover:text-[hsl(var(--text-primary))]"
          data-testid="property-row-padding-left-switch-1440"
          title="Switch preview to 1440px"
          type="button"
        >
          ↗
        </button>
      </div>
    </div>
  </div>
</div>
`;
